
> Configure project :mylibrary
ksp-2.1.0-1.0.29 is too new for kotlin-2.0.21. Please upgrade kotlin-gradle-plugin to 2.1.0.
ksp-2.1.0-1.0.29 is too new for kotlin-2.0.21. Please upgrade kotlin-gradle-plugin to 2.1.0.
ksp-2.1.0-1.0.29 is too new for kotlin-2.0.21. Please upgrade kotlin-gradle-plugin to 2.1.0.
ksp-2.1.0-1.0.29 is too new for kotlin-2.0.21. Please upgrade kotlin-gradle-plugin to 2.1.0.
ksp-2.1.0-1.0.29 is too new for kotlin-2.0.21. Please upgrade kotlin-gradle-plugin to 2.1.0.
ksp-2.1.0-1.0.29 is too new for kotlin-2.0.21. Please upgrade kotlin-gradle-plugin to 2.1.0.
ksp-2.1.0-1.0.29 is too new for kotlin-2.0.21. Please upgrade kotlin-gradle-plugin to 2.1.0.
ksp-2.1.0-1.0.29 is too new for kotlin-2.0.21. Please upgrade kotlin-gradle-plugin to 2.1.0.
ksp-2.1.0-1.0.29 is too new for kotlin-2.0.21. Please upgrade kotlin-gradle-plugin to 2.1.0.
ksp-2.1.0-1.0.29 is too new for kotlin-2.0.21. Please upgrade kotlin-gradle-plugin to 2.1.0.

> Task :app:preBuild UP-TO-DATE
> Task :app:preDebugBuild UP-TO-DATE
> Task :app:mergeDebugNativeDebugMetadata NO-SOURCE
> Task :app:checkKotlinGradlePluginConfigurationErrors SKIPPED
> Task :mylibrary:preBuild UP-TO-DATE
> Task :mylibrary:preDebugBuild UP-TO-DATE
> Task :mylibrary:writeDebugAarMetadata UP-TO-DATE
> Task :app:checkDebugAarMetadata UP-TO-DATE
> Task :mylibrary:processDebugNavigationResources UP-TO-DATE
> Task :app:processDebugNavigationResources UP-TO-DATE
> Task :app:compileDebugNavigationResources UP-TO-DATE
> Task :app:generateDebugResValues UP-TO-DATE
> Task :mylibrary:generateDebugResValues UP-TO-DATE
> Task :mylibrary:generateDebugResources UP-TO-DATE
> Task :mylibrary:packageDebugResources UP-TO-DATE
> Task :app:mapDebugSourceSetPaths UP-TO-DATE
> Task :app:generateDebugResources UP-TO-DATE
> Task :app:mergeDebugResources UP-TO-DATE
> Task :app:packageDebugResources UP-TO-DATE
> Task :app:parseDebugLocalResources UP-TO-DATE
> Task :app:createDebugCompatibleScreenManifests UP-TO-DATE
> Task :app:extractDeepLinksDebug UP-TO-DATE
> Task :mylibrary:extractDeepLinksDebug UP-TO-DATE
> Task :mylibrary:processDebugManifest UP-TO-DATE
> Task :app:processDebugMainManifest UP-TO-DATE
> Task :app:processDebugManifest UP-TO-DATE
> Task :app:processDebugManifestForPackage UP-TO-DATE
> Task :mylibrary:compileDebugLibraryResources UP-TO-DATE
> Task :mylibrary:parseDebugLocalResources UP-TO-DATE
> Task :mylibrary:generateDebugRFile UP-TO-DATE
> Task :mylibrary:checkKotlinGradlePluginConfigurationErrors SKIPPED
> Task :mylibrary:kspDebugKotlin FAILED
> Task :app:processDebugResources

[Incubating] Problems report is available at: file:///F:/Infinity-Library-Ads/AdsNextGen/build/reports/problems/problems-report.html

Deprecated Gradle features were used in this build, making it incompatible with Gradle 9.0.

You can use '--warning-mode all' to show the individual deprecation warnings and determine if they come from your own scripts or plugins.

For more on this, please refer to https://docs.gradle.org/8.13/userguide/command_line_interface.html#sec:command_line_warnings in the Gradle documentation.
26 actionable tasks: 2 executed, 24 up-to-date
